✅ Gasto registrado.
💸 $5,000
🏷️ comida
🏦 Nequi
💰 Saldo: $95,000